// Jest Snapshot v1, https://goo.gl/fbAQLP

exports[`pruebas en todolist debe mostarse correctamente  1`] = `
<ul
  className="list-group list-group-flush"
>
  <TodoListItem
    each={
      Object {
        "desc": "Comer",
        "done": false,
        "id": 1,
      }
    }
    handleDelete={[MockFunction]}
    handleToggle={[MockFunction]}
    index={0}
    key="1"
  />
  <TodoListItem
    each={
      Object {
        "desc": "Dormir",
        "done": false,
        "id": 2,
      }
    }
    handleDelete={[MockFunction]}
    handleToggle={[MockFunction]}
    index={1}
    key="2"
  />
</ul>
`;
