// Jest Snapshot v1, https://goo.gl/fbAQLP

exports[`Pruebas en todoListItem debe mostarse correctamente  1`] = `
<li
  className="list-group-item"
  key="1"
>
  <p
    className="false"
    onClick={[Function]}
  >
    2
    .
    Comer
  </p>
  <button
    className="btn btn-danger"
    onClick={[Function]}
  >
    Borrar
  </button>
</li>
`;
