// Jest Snapshot v1, https://goo.gl/fbAQLP

exports[`tests para el hook app verificar snapshot  de hook app 1`] = `
<div>
  <h1>
    Hola Mundo
  </h1>
</div>
`;
