// Jest Snapshot v1, https://goo.gl/fbAQLP

exports[`Pruebas en <HomeScreen/> debe de mostar el componente correctamente  1`] = `
<div>
  <h1>
    Home Screen
  </h1>
  <pre>
    {
   "name": "Alejandro",
   "email": "alesmo30@gmail.com"
}
  </pre>
</div>
`;
